// Jest Snapshot v1, https://goo.gl/fbAQLP

exports[`BranchesTable component should render as expected 1`] = `
<table
  className="table is-bordered is-striped is-hoverable"
>
  <thead>
    <tr>
      <th
        className="is-narrow"
      >
        Branch
      </th>
      <th
        className=""
      >
        Commit
      </th>
    </tr>
  </thead>
  <tbody />
</table>
`;
