// Jest Snapshot v1, https://goo.gl/fbAQLP

exports[`UserRepo component should render as expected 1`] = `
Array [
  <div
    className="column"
>
    <h1
        className="title is-3"
    >
        <span
            className="has-text-grey-light"
        >
            Repository
        </span>
    </h1>
    <h3
        className="subTitle is-3"
    >
        <a
            href="https://github.com/undefined/undefined"
        >
            <strong>
                 / 
            </strong>
            <span
                className="icon"
            >
                <i
                    className="fas fa-github"
                />
            </span>
        </a>
    </h3>
</div>,
  <div
    className="card"
>
    <div
        className="card-content"
    >
        <div
            className="media"
        >
            <div
                className="media-left"
            >
                <figure
                    className="image is-48x48"
                >
                    <img
                        alt="avatar"
                        src={undefined}
                    />
                </figure>
            </div>
            <div
                className="media-content"
            >
                <p
                    className="title is-4"
                >
                    ?
                </p>
                <p
                    className="subtitle is-6"
                />
            </div>
        </div>
        <div
            className="content"
        >
            Owner
        </div>
    </div>
</div>,
  <div
    className="column"
>
    <table
        className="table is-bordered is-striped is-hoverable"
    >
        <thead>
            <tr>
                <th
                    className="is-narrow"
                >
                    Branch
                </th>
                <th
                    className=""
                >
                    Commit
                </th>
            </tr>
        </thead>
        <tbody />
    </table>
</div>,
]
`;
