// Jest Snapshot v1, https://goo.gl/fbAQLP

exports[`CommitWithStatuses component should render as expected 1`] = `
Array [
  <div>
    <a
      href="https://github.com/lowsky/dashboard/tree/<missing>"
    >
      <b>
        some-message,
      </b>
    </a>
  </div>,
  <div>
    <i>
      01.01.2001
    </i>
      by  
    <a
      href="https://github.com/login"
    >
      <img
        alt="avatar"
        className="commit_avatar"
        src="avatar_url"
        width={32}
      />
       
      <span>
        login
      </span>
    </a>
     
    <a
      href="mailto:email"
    >
      ?name
    </a>
  </div>,
  <div
    className="statusline"
  >
    <a
      className="commitLink"
      href="target_url"
      style={
        Object {
          "color": "inherit",
        }
      }
      title="context description"
    >
      <span>
        context
      </span>
      <span>
        state
      </span>
       
    </a>
  </div>,
]
`;
