// Jest Snapshot v1, https://goo.gl/fbAQLP

exports[`NavBar component should render as expected 1`] = `
<nav
  aria-label="main navigation"
  className="navbar"
>
  <div
    className="navbar-brand"
  >
    <span
      className="navbar-item"
    >
      <a
        href="https://github.com/lowsky/dashboard/"
      >
        Dashboard
      </a>
    </span>
    <a
      aria-expanded="false"
      aria-label="menu"
      className="navbar-burger "
      onClick={[Function]}
      role="button"
    >
      <span
        aria-hidden="true"
      />
      <span
        aria-hidden="true"
      />
      <span
        aria-hidden="true"
      />
    </a>
  </div>
  <div
    aria-expanded="false"
    aria-label="menu"
    className="navbar-menu "
    id="navMenu"
  >
    <div
      className="navbar-start"
    >
      <span
        className="navbar-item"
      >
        <a
          href="/home"
          onClick={[Function]}
        >
          Home
        </a>
      </span>
      <span
        className="navbar-item"
      >
        <a
          href="./story-book"
        >
          Storybook
        </a>
      </span>
      <span
        className="navbar-item"
      >
        <a
          href="/relay"
          onClick={[Function]}
        >
          GraphQL + Relay Demo
        </a>
      </span>
      <span
        className="navbar-item"
      >
        <a
          href="/restful"
          onClick={[Function]}
        >
          RESTful Demo
        </a>
      </span>
      <span
        className="navbar-item"
      >
        <a
          href="https://github.com/lowsky/dashboard/"
        >
          <span>
            <i
              className="fab fa-github"
            />
            Â  Github Repo
          </span>
        </a>
      </span>
    </div>
  </div>
</nav>
`;
