// Jest Snapshot v1, https://goo.gl/fbAQLP

exports[`Repo component should render as expected 1`] = `
<div
  className="column"
>
  <h1
    className="title is-3"
  >
    <span
      className="has-text-grey-light"
    >
      Repository
    </span>
  </h1>
  <h3
    className="subTitle is-3"
  >
    <a
      href="https://github.com/owner-login/name,"
    >
      <strong>
        owner-login
         / 
        name,
      </strong>
      <span
        className="icon"
      >
        <i
          className="fas fa-github"
        />
      </span>
    </a>
  </h3>
</div>
`;
